DOMAIN-SUFFIX,eu.org
DOMAIN-SUFFIX,nic.eu.org
